map length (tiers :: [[ Void ]])  =  []

length (list :: [ Void ])  =  0

allUnique (list :: [ Void ])  =  True

ratioRepetitions (list :: [ Void ])  =  0 % 1

tiers :: [Void]  =
  []
