map length (tiers :: [[ Day ]])  =  [1,1,1,1,1,1,1,1,1,1,1,1,...]

length (list :: [ Day ])  =  Infinity

allUnique (list :: [ Day ])  =  True

ratioRepetitions (list :: [ Day ])  =  0 % 1

tiers :: [Day]  =
  [ [2019-01-01]
  , [2099-01-24]
  , [1938-12-09]
  , [2139-02-05]
  , [1978-12-20]
  , [2059-01-12]
  , [1898-11-27]
  , [2159-02-11]
  , [1998-12-26]
  , [2079-01-18]
  , [1918-12-03]
  , [2119-01-30]
  , ...
  ]
